[2025-06-16 20:52:10,627] 73 root - INFO - Loading callbacks for model training...
[2025-06-16 20:52:11,729] 34 root - INFO - *******************
[2025-06-16 20:52:11,729] 35 root - INFO - >>>>>> stage Model Training started <<<<<<
[2025-06-16 20:52:11,731] 32 root - INFO - yaml file: config\config.yaml loaded successfully
[2025-06-16 20:52:11,732] 32 root - INFO - yaml file: params.yaml loaded successfully
[2025-06-16 20:52:11,732] 52 root - INFO - created directory at: artifacts
[2025-06-16 20:52:11,733] 52 root - INFO - created directory at: artifacts\training
[2025-06-16 20:52:11,913] 35 root - INFO - Creating validation and training data generators...
[2025-06-16 20:52:11,945] 46 root - INFO - Creating training data generator with augmentation...
[2025-06-16 20:52:12,106] 97 root - INFO - Starting model training...
[2025-06-16 20:52:12,106] 100 root - INFO - Steps per epoch: 326, Validation steps: 39
[2025-06-16 20:52:12,106] 103 root - INFO - Fitting the model...
[2025-06-16 20:52:12,107] 19 root - INFO - Creating callbacks for model training...
[2025-06-16 20:52:12,108] 23 root - INFO - Model directory created at: Model\model
[2025-06-16 20:52:12,108] 27 root - INFO - Model will be saved to: Model\model\best_model.h5
[2025-06-16 20:52:12,108] 30 root - INFO - Creating EarlyStopping
[2025-06-16 20:52:12,108] 39 root - INFO - Creating ReduceLROnPlateau
[2025-06-16 20:52:12,109] 49 root - INFO - Creating ModelCheckpoint
[2025-06-16 20:52:12,109] 58 root - INFO - Callbacks list created: [<keras.callbacks.EarlyStopping object at 0x0000027130D1CB50>, <keras.callbacks.ReduceLROnPlateau object at 0x0000027130D1C7F0>, <keras.callbacks.ModelCheckpoint object at 0x0000027130E9CF70>]
[2025-06-16 20:52:12,109] 85 root - INFO - Calculating class weights for imbalanced dataset...
[2025-06-16 20:52:12,109] 65 root - INFO - ClassWeightCalculator initialized.
[2025-06-16 20:52:12,121] 80 root - INFO - Computed class weights: {0: 1.9448173005219984, 1: 0.6730322580645162}
